// Jest Snapshot v1, https://goo.gl/fbAQLP

exports[`Pruebas en el componente <RegisterScreen/>  debe mostrarse correctamente con el Snapshoot 1`] = `
<div
  className="animate__animated animate__fadeIn animate__faster"
>
  <h3
    className="auth__title"
  >
    Register
  </h3>
  <form
    onSubmit={[Function]}
  >
    <input
      autoComplete="off"
      className="auth__input"
      name="name"
      onChange={[Function]}
      placeholder="Name"
      type="text"
      value="Gerardo2"
    />
    <input
      autoComplete="off"
      className="auth__input"
      name="email"
      onChange={[Function]}
      placeholder="email"
      type="text"
      value="gera2@gmail.com"
    />
    <input
      className="auth__input"
      name="password1"
      onChange={[Function]}
      placeholder="password"
      type="password"
      value={12345678}
    />
    <input
      className="auth__input"
      name="password2"
      onChange={[Function]}
      placeholder="Confirm password"
      type="password"
      value={12345678}
    />
    <button
      className="btn btn-primary btn-block mb-5"
      type="submit"
    >
      Register
    </button>
    <a
      className=" link "
      href="/auth/login"
      onClick={[Function]}
    >
      Already register?
    </a>
  </form>
</div>
`;
